<?xml version="1.0" encoding="UTF-8"?>
<testsuites name="jest tests" tests="9" failures="0" errors="0" time="4.688">
  <testsuite name="我的第一个测试用例" errors="0" failures="0" skipped="0" timestamp="2020-11-22T08:26:28" time="1.581" tests="1">
    <testcase classname="我的第一个测试用例 add(1,2) 等于3" name="我的第一个测试用例 add(1,2) 等于3" time="0.003">
    </testcase>
  </testsuite>
  <testsuite name="button" errors="0" failures="0" skipped="0" timestamp="2020-11-22T08:26:28" time="1.615" tests="1">
    <testcase classname="button 是个 div" name="button 是个 div" time="0.008">
    </testcase>
  </testsuite>
  <testsuite name="classes" errors="0" failures="0" skipped="0" timestamp="2020-11-22T08:26:28" time="1.634" tests="5">
    <testcase classname="classes 接受一个className" name="classes 接受一个className" time="0.003">
    </testcase>
    <testcase classname="classes 接受两个className" name="classes 接受两个className" time="0">
    </testcase>
    <testcase classname="classes 接受undefined不会出现undefined" name="classes 接受undefined不会出现undefined" time="0">
    </testcase>
    <testcase classname="classes 接受各种奇怪的值" name="classes 接受各种奇怪的值" time="0">
    </testcase>
    <testcase classname="classes 接受0个参数" name="classes 接受0个参数" time="0.001">
    </testcase>
  </testsuite>
  <testsuite name="icon" errors="0" failures="0" skipped="0" timestamp="2020-11-22T08:26:28" time="2.742" tests="2">
    <testcase classname="icon render successfully" name="icon render successfully" time="0.008">
    </testcase>
    <testcase classname="icon onClick" name="icon onClick" time="0.026">
    </testcase>
  </testsuite>
</testsuites>